Created by PLY version 3.11 (http://www.dabeaz.com/ply)

Grammar

Rule 0     S' -> partida
Rule 1     partida -> PIVOT
Rule 2     partida -> carta_c SPACE partida SPACE carta_c
Rule 3     partida -> carta_p SPACE partida SPACE carta_p
Rule 4     partida -> carta_v SPACE partida SPACE carta_v
Rule 5     partida -> carta_r SPACE partida SPACE carta_r
Rule 6     partida -> carta_a SPACE partida SPACE carta_a
Rule 7     carta_c -> LBRACKET LPAREN NUMBER RPAREN COMMA SPACE NUMBER COMMA SPACE NUMBER COMMA SPACE NUMBER COMMA SPACE NUMBER RBRACKET
Rule 8     carta_p -> LBRACKET NUMBER COMMA SPACE LPAREN NUMBER RPAREN COMMA SPACE NUMBER COMMA SPACE NUMBER COMMA SPACE NUMBER RBRACKET
Rule 9     carta_v -> LBRACKET NUMBER COMMA SPACE NUMBER COMMA SPACE LPAREN NUMBER RPAREN COMMA SPACE NUMBER COMMA SPACE NUMBER RBRACKET
Rule 10    carta_r -> LBRACKET NUMBER COMMA SPACE NUMBER COMMA SPACE NUMBER COMMA SPACE LPAREN NUMBER RPAREN COMMA SPACE NUMBER RBRACKET
Rule 11    carta_a -> LBRACKET NUMBER COMMA SPACE NUMBER COMMA SPACE NUMBER COMMA SPACE NUMBER COMMA SPACE LPAREN NUMBER RPAREN RBRACKET

Terminals, with rules where they appear

COMMA                : 7 7 7 7 8 8 8 8 9 9 9 9 10 10 10 10 11 11 11 11
LBRACKET             : 7 8 9 10 11
LPAREN               : 7 8 9 10 11
NUMBER               : 7 7 7 7 7 8 8 8 8 8 9 9 9 9 9 10 10 10 10 10 11 11 11 11 11
PIVOT                : 1
RBRACKET             : 7 8 9 10 11
RPAREN               : 7 8 9 10 11
SPACE                : 2 2 3 3 4 4 5 5 6 6 7 7 7 7 8 8 8 8 9 9 9 9 10 10 10 10 11 11 11 11
error                : 

Nonterminals, with rules where they appear

carta_a              : 6 6
carta_c              : 2 2
carta_p              : 3 3
carta_r              : 5 5
carta_v              : 4 4
partida              : 2 3 4 5 6 0

Parsing method: LALR

state 0

    (0) S' -> . partida
    (1) partida -> . PIVOT
    (2) partida -> . carta_c SPACE partida SPACE carta_c
    (3) partida -> . carta_p SPACE partida SPACE carta_p
    (4) partida -> . carta_v SPACE partida SPACE carta_v
    (5) partida -> . carta_r SPACE partida SPACE carta_r
    (6) partida -> . carta_a SPACE partida SPACE carta_a
    (7) carta_c -> . LBRACKET LPAREN NUMBER RPAREN COMMA SPACE NUMBER COMMA SPACE NUMBER COMMA SPACE NUMBER COMMA SPACE NUMBER RBRACKET
    (8) carta_p -> . LBRACKET NUMBER COMMA SPACE LPAREN NUMBER RPAREN COMMA SPACE NUMBER COMMA SPACE NUMBER COMMA SPACE NUMBER RBRACKET
    (9) carta_v -> . LBRACKET NUMBER COMMA SPACE NUMBER COMMA SPACE LPAREN NUMBER RPAREN COMMA SPACE NUMBER COMMA SPACE NUMBER RBRACKET
    (10) carta_r -> . LBRACKET NUMBER COMMA SPACE NUMBER COMMA SPACE NUMBER COMMA SPACE LPAREN NUMBER RPAREN COMMA SPACE NUMBER RBRACKET
    (11) carta_a -> . LBRACKET NUMBER COMMA SPACE NUMBER COMMA SPACE NUMBER COMMA SPACE NUMBER COMMA SPACE LPAREN NUMBER RPAREN RBRACKET

    PIVOT           shift and go to state 2
    LBRACKET        shift and go to state 8

    partida                        shift and go to state 1
    carta_c                        shift and go to state 3
    carta_p                        shift and go to state 4
    carta_v                        shift and go to state 5
    carta_r                        shift and go to state 6
    carta_a                        shift and go to state 7

state 1

    (0) S' -> partida .



state 2

    (1) partida -> PIVOT .

    $end            reduce using rule 1 (partida -> PIVOT .)
    SPACE           reduce using rule 1 (partida -> PIVOT .)


state 3

    (2) partida -> carta_c . SPACE partida SPACE carta_c

    SPACE           shift and go to state 9


state 4

    (3) partida -> carta_p . SPACE partida SPACE carta_p

    SPACE           shift and go to state 10


state 5

    (4) partida -> carta_v . SPACE partida SPACE carta_v

    SPACE           shift and go to state 11


state 6

    (5) partida -> carta_r . SPACE partida SPACE carta_r

    SPACE           shift and go to state 12


state 7

    (6) partida -> carta_a . SPACE partida SPACE carta_a

    SPACE           shift and go to state 13


state 8

    (7) carta_c -> LBRACKET . LPAREN NUMBER RPAREN COMMA SPACE NUMBER COMMA SPACE NUMBER COMMA SPACE NUMBER COMMA SPACE NUMBER RBRACKET
    (8) carta_p -> LBRACKET . NUMBER COMMA SPACE LPAREN NUMBER RPAREN COMMA SPACE NUMBER COMMA SPACE NUMBER COMMA SPACE NUMBER RBRACKET
    (9) carta_v -> LBRACKET . NUMBER COMMA SPACE NUMBER COMMA SPACE LPAREN NUMBER RPAREN COMMA SPACE NUMBER COMMA SPACE NUMBER RBRACKET
    (10) carta_r -> LBRACKET . NUMBER COMMA SPACE NUMBER COMMA SPACE NUMBER COMMA SPACE LPAREN NUMBER RPAREN COMMA SPACE NUMBER RBRACKET
    (11) carta_a -> LBRACKET . NUMBER COMMA SPACE NUMBER COMMA SPACE NUMBER COMMA SPACE NUMBER COMMA SPACE LPAREN NUMBER RPAREN RBRACKET

    LPAREN          shift and go to state 14
    NUMBER          shift and go to state 15


state 9

    (2) partida -> carta_c SPACE . partida SPACE carta_c
    (1) partida -> . PIVOT
    (2) partida -> . carta_c SPACE partida SPACE carta_c
    (3) partida -> . carta_p SPACE partida SPACE carta_p
    (4) partida -> . carta_v SPACE partida SPACE carta_v
    (5) partida -> . carta_r SPACE partida SPACE carta_r
    (6) partida -> . carta_a SPACE partida SPACE carta_a
    (7) carta_c -> . LBRACKET LPAREN NUMBER RPAREN COMMA SPACE NUMBER COMMA SPACE NUMBER COMMA SPACE NUMBER COMMA SPACE NUMBER RBRACKET
    (8) carta_p -> . LBRACKET NUMBER COMMA SPACE LPAREN NUMBER RPAREN COMMA SPACE NUMBER COMMA SPACE NUMBER COMMA SPACE NUMBER RBRACKET
    (9) carta_v -> . LBRACKET NUMBER COMMA SPACE NUMBER COMMA SPACE LPAREN NUMBER RPAREN COMMA SPACE NUMBER COMMA SPACE NUMBER RBRACKET
    (10) carta_r -> . LBRACKET NUMBER COMMA SPACE NUMBER COMMA SPACE NUMBER COMMA SPACE LPAREN NUMBER RPAREN COMMA SPACE NUMBER RBRACKET
    (11) carta_a -> . LBRACKET NUMBER COMMA SPACE NUMBER COMMA SPACE NUMBER COMMA SPACE NUMBER COMMA SPACE LPAREN NUMBER RPAREN RBRACKET

    PIVOT           shift and go to state 2
    LBRACKET        shift and go to state 8

    carta_c                        shift and go to state 3
    partida                        shift and go to state 16
    carta_p                        shift and go to state 4
    carta_v                        shift and go to state 5
    carta_r                        shift and go to state 6
    carta_a                        shift and go to state 7

state 10

    (3) partida -> carta_p SPACE . partida SPACE carta_p
    (1) partida -> . PIVOT
    (2) partida -> . carta_c SPACE partida SPACE carta_c
    (3) partida -> . carta_p SPACE partida SPACE carta_p
    (4) partida -> . carta_v SPACE partida SPACE carta_v
    (5) partida -> . carta_r SPACE partida SPACE carta_r
    (6) partida -> . carta_a SPACE partida SPACE carta_a
    (7) carta_c -> . LBRACKET LPAREN NUMBER RPAREN COMMA SPACE NUMBER COMMA SPACE NUMBER COMMA SPACE NUMBER COMMA SPACE NUMBER RBRACKET
    (8) carta_p -> . LBRACKET NUMBER COMMA SPACE LPAREN NUMBER RPAREN COMMA SPACE NUMBER COMMA SPACE NUMBER COMMA SPACE NUMBER RBRACKET
    (9) carta_v -> . LBRACKET NUMBER COMMA SPACE NUMBER COMMA SPACE LPAREN NUMBER RPAREN COMMA SPACE NUMBER COMMA SPACE NUMBER RBRACKET
    (10) carta_r -> . LBRACKET NUMBER COMMA SPACE NUMBER COMMA SPACE NUMBER COMMA SPACE LPAREN NUMBER RPAREN COMMA SPACE NUMBER RBRACKET
    (11) carta_a -> . LBRACKET NUMBER COMMA SPACE NUMBER COMMA SPACE NUMBER COMMA SPACE NUMBER COMMA SPACE LPAREN NUMBER RPAREN RBRACKET

    PIVOT           shift and go to state 2
    LBRACKET        shift and go to state 8

    carta_p                        shift and go to state 4
    partida                        shift and go to state 17
    carta_c                        shift and go to state 3
    carta_v                        shift and go to state 5
    carta_r                        shift and go to state 6
    carta_a                        shift and go to state 7

state 11

    (4) partida -> carta_v SPACE . partida SPACE carta_v
    (1) partida -> . PIVOT
    (2) partida -> . carta_c SPACE partida SPACE carta_c
    (3) partida -> . carta_p SPACE partida SPACE carta_p
    (4) partida -> . carta_v SPACE partida SPACE carta_v
    (5) partida -> . carta_r SPACE partida SPACE carta_r
    (6) partida -> . carta_a SPACE partida SPACE carta_a
    (7) carta_c -> . LBRACKET LPAREN NUMBER RPAREN COMMA SPACE NUMBER COMMA SPACE NUMBER COMMA SPACE NUMBER COMMA SPACE NUMBER RBRACKET
    (8) carta_p -> . LBRACKET NUMBER COMMA SPACE LPAREN NUMBER RPAREN COMMA SPACE NUMBER COMMA SPACE NUMBER COMMA SPACE NUMBER RBRACKET
    (9) carta_v -> . LBRACKET NUMBER COMMA SPACE NUMBER COMMA SPACE LPAREN NUMBER RPAREN COMMA SPACE NUMBER COMMA SPACE NUMBER RBRACKET
    (10) carta_r -> . LBRACKET NUMBER COMMA SPACE NUMBER COMMA SPACE NUMBER COMMA SPACE LPAREN NUMBER RPAREN COMMA SPACE NUMBER RBRACKET
    (11) carta_a -> . LBRACKET NUMBER COMMA SPACE NUMBER COMMA SPACE NUMBER COMMA SPACE NUMBER COMMA SPACE LPAREN NUMBER RPAREN RBRACKET

    PIVOT           shift and go to state 2
    LBRACKET        shift and go to state 8

    carta_v                        shift and go to state 5
    partida                        shift and go to state 18
    carta_c                        shift and go to state 3
    carta_p                        shift and go to state 4
    carta_r                        shift and go to state 6
    carta_a                        shift and go to state 7

state 12

    (5) partida -> carta_r SPACE . partida SPACE carta_r
    (1) partida -> . PIVOT
    (2) partida -> . carta_c SPACE partida SPACE carta_c
    (3) partida -> . carta_p SPACE partida SPACE carta_p
    (4) partida -> . carta_v SPACE partida SPACE carta_v
    (5) partida -> . carta_r SPACE partida SPACE carta_r
    (6) partida -> . carta_a SPACE partida SPACE carta_a
    (7) carta_c -> . LBRACKET LPAREN NUMBER RPAREN COMMA SPACE NUMBER COMMA SPACE NUMBER COMMA SPACE NUMBER COMMA SPACE NUMBER RBRACKET
    (8) carta_p -> . LBRACKET NUMBER COMMA SPACE LPAREN NUMBER RPAREN COMMA SPACE NUMBER COMMA SPACE NUMBER COMMA SPACE NUMBER RBRACKET
    (9) carta_v -> . LBRACKET NUMBER COMMA SPACE NUMBER COMMA SPACE LPAREN NUMBER RPAREN COMMA SPACE NUMBER COMMA SPACE NUMBER RBRACKET
    (10) carta_r -> . LBRACKET NUMBER COMMA SPACE NUMBER COMMA SPACE NUMBER COMMA SPACE LPAREN NUMBER RPAREN COMMA SPACE NUMBER RBRACKET
    (11) carta_a -> . LBRACKET NUMBER COMMA SPACE NUMBER COMMA SPACE NUMBER COMMA SPACE NUMBER COMMA SPACE LPAREN NUMBER RPAREN RBRACKET

    PIVOT           shift and go to state 2
    LBRACKET        shift and go to state 8

    carta_r                        shift and go to state 6
    partida                        shift and go to state 19
    carta_c                        shift and go to state 3
    carta_p                        shift and go to state 4
    carta_v                        shift and go to state 5
    carta_a                        shift and go to state 7

state 13

    (6) partida -> carta_a SPACE . partida SPACE carta_a
    (1) partida -> . PIVOT
    (2) partida -> . carta_c SPACE partida SPACE carta_c
    (3) partida -> . carta_p SPACE partida SPACE carta_p
    (4) partida -> . carta_v SPACE partida SPACE carta_v
    (5) partida -> . carta_r SPACE partida SPACE carta_r
    (6) partida -> . carta_a SPACE partida SPACE carta_a
    (7) carta_c -> . LBRACKET LPAREN NUMBER RPAREN COMMA SPACE NUMBER COMMA SPACE NUMBER COMMA SPACE NUMBER COMMA SPACE NUMBER RBRACKET
    (8) carta_p -> . LBRACKET NUMBER COMMA SPACE LPAREN NUMBER RPAREN COMMA SPACE NUMBER COMMA SPACE NUMBER COMMA SPACE NUMBER RBRACKET
    (9) carta_v -> . LBRACKET NUMBER COMMA SPACE NUMBER COMMA SPACE LPAREN NUMBER RPAREN COMMA SPACE NUMBER COMMA SPACE NUMBER RBRACKET
    (10) carta_r -> . LBRACKET NUMBER COMMA SPACE NUMBER COMMA SPACE NUMBER COMMA SPACE LPAREN NUMBER RPAREN COMMA SPACE NUMBER RBRACKET
    (11) carta_a -> . LBRACKET NUMBER COMMA SPACE NUMBER COMMA SPACE NUMBER COMMA SPACE NUMBER COMMA SPACE LPAREN NUMBER RPAREN RBRACKET

    PIVOT           shift and go to state 2
    LBRACKET        shift and go to state 8

    carta_a                        shift and go to state 7
    partida                        shift and go to state 20
    carta_c                        shift and go to state 3
    carta_p                        shift and go to state 4
    carta_v                        shift and go to state 5
    carta_r                        shift and go to state 6

state 14

    (7) carta_c -> LBRACKET LPAREN . NUMBER RPAREN COMMA SPACE NUMBER COMMA SPACE NUMBER COMMA SPACE NUMBER COMMA SPACE NUMBER RBRACKET

    NUMBER          shift and go to state 21


state 15

    (8) carta_p -> LBRACKET NUMBER . COMMA SPACE LPAREN NUMBER RPAREN COMMA SPACE NUMBER COMMA SPACE NUMBER COMMA SPACE NUMBER RBRACKET
    (9) carta_v -> LBRACKET NUMBER . COMMA SPACE NUMBER COMMA SPACE LPAREN NUMBER RPAREN COMMA SPACE NUMBER COMMA SPACE NUMBER RBRACKET
    (10) carta_r -> LBRACKET NUMBER . COMMA SPACE NUMBER COMMA SPACE NUMBER COMMA SPACE LPAREN NUMBER RPAREN COMMA SPACE NUMBER RBRACKET
    (11) carta_a -> LBRACKET NUMBER . COMMA SPACE NUMBER COMMA SPACE NUMBER COMMA SPACE NUMBER COMMA SPACE LPAREN NUMBER RPAREN RBRACKET

    COMMA           shift and go to state 22


state 16

    (2) partida -> carta_c SPACE partida . SPACE carta_c

    SPACE           shift and go to state 23


state 17

    (3) partida -> carta_p SPACE partida . SPACE carta_p

    SPACE           shift and go to state 24


state 18

    (4) partida -> carta_v SPACE partida . SPACE carta_v

    SPACE           shift and go to state 25


state 19

    (5) partida -> carta_r SPACE partida . SPACE carta_r

    SPACE           shift and go to state 26


state 20

    (6) partida -> carta_a SPACE partida . SPACE carta_a

    SPACE           shift and go to state 27


state 21

    (7) carta_c -> LBRACKET LPAREN NUMBER . RPAREN COMMA SPACE NUMBER COMMA SPACE NUMBER COMMA SPACE NUMBER COMMA SPACE NUMBER RBRACKET

    RPAREN          shift and go to state 28


state 22

    (8) carta_p -> LBRACKET NUMBER COMMA . SPACE LPAREN NUMBER RPAREN COMMA SPACE NUMBER COMMA SPACE NUMBER COMMA SPACE NUMBER RBRACKET
    (9) carta_v -> LBRACKET NUMBER COMMA . SPACE NUMBER COMMA SPACE LPAREN NUMBER RPAREN COMMA SPACE NUMBER COMMA SPACE NUMBER RBRACKET
    (10) carta_r -> LBRACKET NUMBER COMMA . SPACE NUMBER COMMA SPACE NUMBER COMMA SPACE LPAREN NUMBER RPAREN COMMA SPACE NUMBER RBRACKET
    (11) carta_a -> LBRACKET NUMBER COMMA . SPACE NUMBER COMMA SPACE NUMBER COMMA SPACE NUMBER COMMA SPACE LPAREN NUMBER RPAREN RBRACKET

    SPACE           shift and go to state 29


state 23

    (2) partida -> carta_c SPACE partida SPACE . carta_c
    (7) carta_c -> . LBRACKET LPAREN NUMBER RPAREN COMMA SPACE NUMBER COMMA SPACE NUMBER COMMA SPACE NUMBER COMMA SPACE NUMBER RBRACKET

    LBRACKET        shift and go to state 31

    carta_c                        shift and go to state 30

state 24

    (3) partida -> carta_p SPACE partida SPACE . carta_p
    (8) carta_p -> . LBRACKET NUMBER COMMA SPACE LPAREN NUMBER RPAREN COMMA SPACE NUMBER COMMA SPACE NUMBER COMMA SPACE NUMBER RBRACKET

    LBRACKET        shift and go to state 33

    carta_p                        shift and go to state 32

state 25

    (4) partida -> carta_v SPACE partida SPACE . carta_v
    (9) carta_v -> . LBRACKET NUMBER COMMA SPACE NUMBER COMMA SPACE LPAREN NUMBER RPAREN COMMA SPACE NUMBER COMMA SPACE NUMBER RBRACKET

    LBRACKET        shift and go to state 35

    carta_v                        shift and go to state 34

state 26

    (5) partida -> carta_r SPACE partida SPACE . carta_r
    (10) carta_r -> . LBRACKET NUMBER COMMA SPACE NUMBER COMMA SPACE NUMBER COMMA SPACE LPAREN NUMBER RPAREN COMMA SPACE NUMBER RBRACKET

    LBRACKET        shift and go to state 37

    carta_r                        shift and go to state 36

state 27

    (6) partida -> carta_a SPACE partida SPACE . carta_a
    (11) carta_a -> . LBRACKET NUMBER COMMA SPACE NUMBER COMMA SPACE NUMBER COMMA SPACE NUMBER COMMA SPACE LPAREN NUMBER RPAREN RBRACKET

    LBRACKET        shift and go to state 39

    carta_a                        shift and go to state 38

state 28

    (7) carta_c -> LBRACKET LPAREN NUMBER RPAREN . COMMA SPACE NUMBER COMMA SPACE NUMBER COMMA SPACE NUMBER COMMA SPACE NUMBER RBRACKET

    COMMA           shift and go to state 40


state 29

    (8) carta_p -> LBRACKET NUMBER COMMA SPACE . LPAREN NUMBER RPAREN COMMA SPACE NUMBER COMMA SPACE NUMBER COMMA SPACE NUMBER RBRACKET
    (9) carta_v -> LBRACKET NUMBER COMMA SPACE . NUMBER COMMA SPACE LPAREN NUMBER RPAREN COMMA SPACE NUMBER COMMA SPACE NUMBER RBRACKET
    (10) carta_r -> LBRACKET NUMBER COMMA SPACE . NUMBER COMMA SPACE NUMBER COMMA SPACE LPAREN NUMBER RPAREN COMMA SPACE NUMBER RBRACKET
    (11) carta_a -> LBRACKET NUMBER COMMA SPACE . NUMBER COMMA SPACE NUMBER COMMA SPACE NUMBER COMMA SPACE LPAREN NUMBER RPAREN RBRACKET

    LPAREN          shift and go to state 42
    NUMBER          shift and go to state 41


state 30

    (2) partida -> carta_c SPACE partida SPACE carta_c .

    $end            reduce using rule 2 (partida -> carta_c SPACE partida SPACE carta_c .)
    SPACE           reduce using rule 2 (partida -> carta_c SPACE partida SPACE carta_c .)


state 31

    (7) carta_c -> LBRACKET . LPAREN NUMBER RPAREN COMMA SPACE NUMBER COMMA SPACE NUMBER COMMA SPACE NUMBER COMMA SPACE NUMBER RBRACKET

    LPAREN          shift and go to state 14


state 32

    (3) partida -> carta_p SPACE partida SPACE carta_p .

    $end            reduce using rule 3 (partida -> carta_p SPACE partida SPACE carta_p .)
    SPACE           reduce using rule 3 (partida -> carta_p SPACE partida SPACE carta_p .)


state 33

    (8) carta_p -> LBRACKET . NUMBER COMMA SPACE LPAREN NUMBER RPAREN COMMA SPACE NUMBER COMMA SPACE NUMBER COMMA SPACE NUMBER RBRACKET

    NUMBER          shift and go to state 43


state 34

    (4) partida -> carta_v SPACE partida SPACE carta_v .

    $end            reduce using rule 4 (partida -> carta_v SPACE partida SPACE carta_v .)
    SPACE           reduce using rule 4 (partida -> carta_v SPACE partida SPACE carta_v .)


state 35

    (9) carta_v -> LBRACKET . NUMBER COMMA SPACE NUMBER COMMA SPACE LPAREN NUMBER RPAREN COMMA SPACE NUMBER COMMA SPACE NUMBER RBRACKET

    NUMBER          shift and go to state 44


state 36

    (5) partida -> carta_r SPACE partida SPACE carta_r .

    $end            reduce using rule 5 (partida -> carta_r SPACE partida SPACE carta_r .)
    SPACE           reduce using rule 5 (partida -> carta_r SPACE partida SPACE carta_r .)


state 37

    (10) carta_r -> LBRACKET . NUMBER COMMA SPACE NUMBER COMMA SPACE NUMBER COMMA SPACE LPAREN NUMBER RPAREN COMMA SPACE NUMBER RBRACKET

    NUMBER          shift and go to state 45


state 38

    (6) partida -> carta_a SPACE partida SPACE carta_a .

    $end            reduce using rule 6 (partida -> carta_a SPACE partida SPACE carta_a .)
    SPACE           reduce using rule 6 (partida -> carta_a SPACE partida SPACE carta_a .)


state 39

    (11) carta_a -> LBRACKET . NUMBER COMMA SPACE NUMBER COMMA SPACE NUMBER COMMA SPACE NUMBER COMMA SPACE LPAREN NUMBER RPAREN RBRACKET

    NUMBER          shift and go to state 46


state 40

    (7) carta_c -> LBRACKET LPAREN NUMBER RPAREN COMMA . SPACE NUMBER COMMA SPACE NUMBER COMMA SPACE NUMBER COMMA SPACE NUMBER RBRACKET

    SPACE           shift and go to state 47


state 41

    (9) carta_v -> LBRACKET NUMBER COMMA SPACE NUMBER . COMMA SPACE LPAREN NUMBER RPAREN COMMA SPACE NUMBER COMMA SPACE NUMBER RBRACKET
    (10) carta_r -> LBRACKET NUMBER COMMA SPACE NUMBER . COMMA SPACE NUMBER COMMA SPACE LPAREN NUMBER RPAREN COMMA SPACE NUMBER RBRACKET
    (11) carta_a -> LBRACKET NUMBER COMMA SPACE NUMBER . COMMA SPACE NUMBER COMMA SPACE NUMBER COMMA SPACE LPAREN NUMBER RPAREN RBRACKET

    COMMA           shift and go to state 48


state 42

    (8) carta_p -> LBRACKET NUMBER COMMA SPACE LPAREN . NUMBER RPAREN COMMA SPACE NUMBER COMMA SPACE NUMBER COMMA SPACE NUMBER RBRACKET

    NUMBER          shift and go to state 49


state 43

    (8) carta_p -> LBRACKET NUMBER . COMMA SPACE LPAREN NUMBER RPAREN COMMA SPACE NUMBER COMMA SPACE NUMBER COMMA SPACE NUMBER RBRACKET

    COMMA           shift and go to state 50


state 44

    (9) carta_v -> LBRACKET NUMBER . COMMA SPACE NUMBER COMMA SPACE LPAREN NUMBER RPAREN COMMA SPACE NUMBER COMMA SPACE NUMBER RBRACKET

    COMMA           shift and go to state 51


state 45

    (10) carta_r -> LBRACKET NUMBER . COMMA SPACE NUMBER COMMA SPACE NUMBER COMMA SPACE LPAREN NUMBER RPAREN COMMA SPACE NUMBER RBRACKET

    COMMA           shift and go to state 52


state 46

    (11) carta_a -> LBRACKET NUMBER . COMMA SPACE NUMBER COMMA SPACE NUMBER COMMA SPACE NUMBER COMMA SPACE LPAREN NUMBER RPAREN RBRACKET

    COMMA           shift and go to state 53


state 47

    (7) carta_c -> LBRACKET LPAREN NUMBER RPAREN COMMA SPACE . NUMBER COMMA SPACE NUMBER COMMA SPACE NUMBER COMMA SPACE NUMBER RBRACKET

    NUMBER          shift and go to state 54


state 48

    (9) carta_v -> LBRACKET NUMBER COMMA SPACE NUMBER COMMA . SPACE LPAREN NUMBER RPAREN COMMA SPACE NUMBER COMMA SPACE NUMBER RBRACKET
    (10) carta_r -> LBRACKET NUMBER COMMA SPACE NUMBER COMMA . SPACE NUMBER COMMA SPACE LPAREN NUMBER RPAREN COMMA SPACE NUMBER RBRACKET
    (11) carta_a -> LBRACKET NUMBER COMMA SPACE NUMBER COMMA . SPACE NUMBER COMMA SPACE NUMBER COMMA SPACE LPAREN NUMBER RPAREN RBRACKET

    SPACE           shift and go to state 55


state 49

    (8) carta_p -> LBRACKET NUMBER COMMA SPACE LPAREN NUMBER . RPAREN COMMA SPACE NUMBER COMMA SPACE NUMBER COMMA SPACE NUMBER RBRACKET

    RPAREN          shift and go to state 56


state 50

    (8) carta_p -> LBRACKET NUMBER COMMA . SPACE LPAREN NUMBER RPAREN COMMA SPACE NUMBER COMMA SPACE NUMBER COMMA SPACE NUMBER RBRACKET

    SPACE           shift and go to state 57


state 51

    (9) carta_v -> LBRACKET NUMBER COMMA . SPACE NUMBER COMMA SPACE LPAREN NUMBER RPAREN COMMA SPACE NUMBER COMMA SPACE NUMBER RBRACKET

    SPACE           shift and go to state 58


state 52

    (10) carta_r -> LBRACKET NUMBER COMMA . SPACE NUMBER COMMA SPACE NUMBER COMMA SPACE LPAREN NUMBER RPAREN COMMA SPACE NUMBER RBRACKET

    SPACE           shift and go to state 59


state 53

    (11) carta_a -> LBRACKET NUMBER COMMA . SPACE NUMBER COMMA SPACE NUMBER COMMA SPACE NUMBER COMMA SPACE LPAREN NUMBER RPAREN RBRACKET

    SPACE           shift and go to state 60


state 54

    (7) carta_c -> LBRACKET LPAREN NUMBER RPAREN COMMA SPACE NUMBER . COMMA SPACE NUMBER COMMA SPACE NUMBER COMMA SPACE NUMBER RBRACKET

    COMMA           shift and go to state 61


state 55

    (9) carta_v -> LBRACKET NUMBER COMMA SPACE NUMBER COMMA SPACE . LPAREN NUMBER RPAREN COMMA SPACE NUMBER COMMA SPACE NUMBER RBRACKET
    (10) carta_r -> LBRACKET NUMBER COMMA SPACE NUMBER COMMA SPACE . NUMBER COMMA SPACE LPAREN NUMBER RPAREN COMMA SPACE NUMBER RBRACKET
    (11) carta_a -> LBRACKET NUMBER COMMA SPACE NUMBER COMMA SPACE . NUMBER COMMA SPACE NUMBER COMMA SPACE LPAREN NUMBER RPAREN RBRACKET

    LPAREN          shift and go to state 63
    NUMBER          shift and go to state 62


state 56

    (8) carta_p -> LBRACKET NUMBER COMMA SPACE LPAREN NUMBER RPAREN . COMMA SPACE NUMBER COMMA SPACE NUMBER COMMA SPACE NUMBER RBRACKET

    COMMA           shift and go to state 64


state 57

    (8) carta_p -> LBRACKET NUMBER COMMA SPACE . LPAREN NUMBER RPAREN COMMA SPACE NUMBER COMMA SPACE NUMBER COMMA SPACE NUMBER RBRACKET

    LPAREN          shift and go to state 42


state 58

    (9) carta_v -> LBRACKET NUMBER COMMA SPACE . NUMBER COMMA SPACE LPAREN NUMBER RPAREN COMMA SPACE NUMBER COMMA SPACE NUMBER RBRACKET

    NUMBER          shift and go to state 65


state 59

    (10) carta_r -> LBRACKET NUMBER COMMA SPACE . NUMBER COMMA SPACE NUMBER COMMA SPACE LPAREN NUMBER RPAREN COMMA SPACE NUMBER RBRACKET

    NUMBER          shift and go to state 66


state 60

    (11) carta_a -> LBRACKET NUMBER COMMA SPACE . NUMBER COMMA SPACE NUMBER COMMA SPACE NUMBER COMMA SPACE LPAREN NUMBER RPAREN RBRACKET

    NUMBER          shift and go to state 67


state 61

    (7) carta_c -> LBRACKET LPAREN NUMBER RPAREN COMMA SPACE NUMBER COMMA . SPACE NUMBER COMMA SPACE NUMBER COMMA SPACE NUMBER RBRACKET

    SPACE           shift and go to state 68


state 62

    (10) carta_r -> LBRACKET NUMBER COMMA SPACE NUMBER COMMA SPACE NUMBER . COMMA SPACE LPAREN NUMBER RPAREN COMMA SPACE NUMBER RBRACKET
    (11) carta_a -> LBRACKET NUMBER COMMA SPACE NUMBER COMMA SPACE NUMBER . COMMA SPACE NUMBER COMMA SPACE LPAREN NUMBER RPAREN RBRACKET

    COMMA           shift and go to state 69


state 63

    (9) carta_v -> LBRACKET NUMBER COMMA SPACE NUMBER COMMA SPACE LPAREN . NUMBER RPAREN COMMA SPACE NUMBER COMMA SPACE NUMBER RBRACKET

    NUMBER          shift and go to state 70


state 64

    (8) carta_p -> LBRACKET NUMBER COMMA SPACE LPAREN NUMBER RPAREN COMMA . SPACE NUMBER COMMA SPACE NUMBER COMMA SPACE NUMBER RBRACKET

    SPACE           shift and go to state 71


state 65

    (9) carta_v -> LBRACKET NUMBER COMMA SPACE NUMBER . COMMA SPACE LPAREN NUMBER RPAREN COMMA SPACE NUMBER COMMA SPACE NUMBER RBRACKET

    COMMA           shift and go to state 72


state 66

    (10) carta_r -> LBRACKET NUMBER COMMA SPACE NUMBER . COMMA SPACE NUMBER COMMA SPACE LPAREN NUMBER RPAREN COMMA SPACE NUMBER RBRACKET

    COMMA           shift and go to state 73


state 67

    (11) carta_a -> LBRACKET NUMBER COMMA SPACE NUMBER . COMMA SPACE NUMBER COMMA SPACE NUMBER COMMA SPACE LPAREN NUMBER RPAREN RBRACKET

    COMMA           shift and go to state 74


state 68

    (7) carta_c -> LBRACKET LPAREN NUMBER RPAREN COMMA SPACE NUMBER COMMA SPACE . NUMBER COMMA SPACE NUMBER COMMA SPACE NUMBER RBRACKET

    NUMBER          shift and go to state 75


state 69

    (10) carta_r -> LBRACKET NUMBER COMMA SPACE NUMBER COMMA SPACE NUMBER COMMA . SPACE LPAREN NUMBER RPAREN COMMA SPACE NUMBER RBRACKET
    (11) carta_a -> LBRACKET NUMBER COMMA SPACE NUMBER COMMA SPACE NUMBER COMMA . SPACE NUMBER COMMA SPACE LPAREN NUMBER RPAREN RBRACKET

    SPACE           shift and go to state 76


state 70

    (9) carta_v -> LBRACKET NUMBER COMMA SPACE NUMBER COMMA SPACE LPAREN NUMBER . RPAREN COMMA SPACE NUMBER COMMA SPACE NUMBER RBRACKET

    RPAREN          shift and go to state 77


state 71

    (8) carta_p -> LBRACKET NUMBER COMMA SPACE LPAREN NUMBER RPAREN COMMA SPACE . NUMBER COMMA SPACE NUMBER COMMA SPACE NUMBER RBRACKET

    NUMBER          shift and go to state 78


state 72

    (9) carta_v -> LBRACKET NUMBER COMMA SPACE NUMBER COMMA . SPACE LPAREN NUMBER RPAREN COMMA SPACE NUMBER COMMA SPACE NUMBER RBRACKET

    SPACE           shift and go to state 79


state 73

    (10) carta_r -> LBRACKET NUMBER COMMA SPACE NUMBER COMMA . SPACE NUMBER COMMA SPACE LPAREN NUMBER RPAREN COMMA SPACE NUMBER RBRACKET

    SPACE           shift and go to state 80


state 74

    (11) carta_a -> LBRACKET NUMBER COMMA SPACE NUMBER COMMA . SPACE NUMBER COMMA SPACE NUMBER COMMA SPACE LPAREN NUMBER RPAREN RBRACKET

    SPACE           shift and go to state 81


state 75

    (7) carta_c -> LBRACKET LPAREN NUMBER RPAREN COMMA SPACE NUMBER COMMA SPACE NUMBER . COMMA SPACE NUMBER COMMA SPACE NUMBER RBRACKET

    COMMA           shift and go to state 82


state 76

    (10) carta_r -> LBRACKET NUMBER COMMA SPACE NUMBER COMMA SPACE NUMBER COMMA SPACE . LPAREN NUMBER RPAREN COMMA SPACE NUMBER RBRACKET
    (11) carta_a -> LBRACKET NUMBER COMMA SPACE NUMBER COMMA SPACE NUMBER COMMA SPACE . NUMBER COMMA SPACE LPAREN NUMBER RPAREN RBRACKET

    LPAREN          shift and go to state 84
    NUMBER          shift and go to state 83


state 77

    (9) carta_v -> LBRACKET NUMBER COMMA SPACE NUMBER COMMA SPACE LPAREN NUMBER RPAREN . COMMA SPACE NUMBER COMMA SPACE NUMBER RBRACKET

    COMMA           shift and go to state 85


state 78

    (8) carta_p -> LBRACKET NUMBER COMMA SPACE LPAREN NUMBER RPAREN COMMA SPACE NUMBER . COMMA SPACE NUMBER COMMA SPACE NUMBER RBRACKET

    COMMA           shift and go to state 86


state 79

    (9) carta_v -> LBRACKET NUMBER COMMA SPACE NUMBER COMMA SPACE . LPAREN NUMBER RPAREN COMMA SPACE NUMBER COMMA SPACE NUMBER RBRACKET

    LPAREN          shift and go to state 63


state 80

    (10) carta_r -> LBRACKET NUMBER COMMA SPACE NUMBER COMMA SPACE . NUMBER COMMA SPACE LPAREN NUMBER RPAREN COMMA SPACE NUMBER RBRACKET

    NUMBER          shift and go to state 87


state 81

    (11) carta_a -> LBRACKET NUMBER COMMA SPACE NUMBER COMMA SPACE . NUMBER COMMA SPACE NUMBER COMMA SPACE LPAREN NUMBER RPAREN RBRACKET

    NUMBER          shift and go to state 88


state 82

    (7) carta_c -> LBRACKET LPAREN NUMBER RPAREN COMMA SPACE NUMBER COMMA SPACE NUMBER COMMA . SPACE NUMBER COMMA SPACE NUMBER RBRACKET

    SPACE           shift and go to state 89


state 83

    (11) carta_a -> LBRACKET NUMBER COMMA SPACE NUMBER COMMA SPACE NUMBER COMMA SPACE NUMBER . COMMA SPACE LPAREN NUMBER RPAREN RBRACKET

    COMMA           shift and go to state 90


state 84

    (10) carta_r -> LBRACKET NUMBER COMMA SPACE NUMBER COMMA SPACE NUMBER COMMA SPACE LPAREN . NUMBER RPAREN COMMA SPACE NUMBER RBRACKET

    NUMBER          shift and go to state 91


state 85

    (9) carta_v -> LBRACKET NUMBER COMMA SPACE NUMBER COMMA SPACE LPAREN NUMBER RPAREN COMMA . SPACE NUMBER COMMA SPACE NUMBER RBRACKET

    SPACE           shift and go to state 92


state 86

    (8) carta_p -> LBRACKET NUMBER COMMA SPACE LPAREN NUMBER RPAREN COMMA SPACE NUMBER COMMA . SPACE NUMBER COMMA SPACE NUMBER RBRACKET

    SPACE           shift and go to state 93


state 87

    (10) carta_r -> LBRACKET NUMBER COMMA SPACE NUMBER COMMA SPACE NUMBER . COMMA SPACE LPAREN NUMBER RPAREN COMMA SPACE NUMBER RBRACKET

    COMMA           shift and go to state 94


state 88

    (11) carta_a -> LBRACKET NUMBER COMMA SPACE NUMBER COMMA SPACE NUMBER . COMMA SPACE NUMBER COMMA SPACE LPAREN NUMBER RPAREN RBRACKET

    COMMA           shift and go to state 95


state 89

    (7) carta_c -> LBRACKET LPAREN NUMBER RPAREN COMMA SPACE NUMBER COMMA SPACE NUMBER COMMA SPACE . NUMBER COMMA SPACE NUMBER RBRACKET

    NUMBER          shift and go to state 96


state 90

    (11) carta_a -> LBRACKET NUMBER COMMA SPACE NUMBER COMMA SPACE NUMBER COMMA SPACE NUMBER COMMA . SPACE LPAREN NUMBER RPAREN RBRACKET

    SPACE           shift and go to state 97


state 91

    (10) carta_r -> LBRACKET NUMBER COMMA SPACE NUMBER COMMA SPACE NUMBER COMMA SPACE LPAREN NUMBER . RPAREN COMMA SPACE NUMBER RBRACKET

    RPAREN          shift and go to state 98


state 92

    (9) carta_v -> LBRACKET NUMBER COMMA SPACE NUMBER COMMA SPACE LPAREN NUMBER RPAREN COMMA SPACE . NUMBER COMMA SPACE NUMBER RBRACKET

    NUMBER          shift and go to state 99


state 93

    (8) carta_p -> LBRACKET NUMBER COMMA SPACE LPAREN NUMBER RPAREN COMMA SPACE NUMBER COMMA SPACE . NUMBER COMMA SPACE NUMBER RBRACKET

    NUMBER          shift and go to state 100


state 94

    (10) carta_r -> LBRACKET NUMBER COMMA SPACE NUMBER COMMA SPACE NUMBER COMMA . SPACE LPAREN NUMBER RPAREN COMMA SPACE NUMBER RBRACKET

    SPACE           shift and go to state 101


state 95

    (11) carta_a -> LBRACKET NUMBER COMMA SPACE NUMBER COMMA SPACE NUMBER COMMA . SPACE NUMBER COMMA SPACE LPAREN NUMBER RPAREN RBRACKET

    SPACE           shift and go to state 102


state 96

    (7) carta_c -> LBRACKET LPAREN NUMBER RPAREN COMMA SPACE NUMBER COMMA SPACE NUMBER COMMA SPACE NUMBER . COMMA SPACE NUMBER RBRACKET

    COMMA           shift and go to state 103


state 97

    (11) carta_a -> LBRACKET NUMBER COMMA SPACE NUMBER COMMA SPACE NUMBER COMMA SPACE NUMBER COMMA SPACE . LPAREN NUMBER RPAREN RBRACKET

    LPAREN          shift and go to state 104


state 98

    (10) carta_r -> LBRACKET NUMBER COMMA SPACE NUMBER COMMA SPACE NUMBER COMMA SPACE LPAREN NUMBER RPAREN . COMMA SPACE NUMBER RBRACKET

    COMMA           shift and go to state 105


state 99

    (9) carta_v -> LBRACKET NUMBER COMMA SPACE NUMBER COMMA SPACE LPAREN NUMBER RPAREN COMMA SPACE NUMBER . COMMA SPACE NUMBER RBRACKET

    COMMA           shift and go to state 106


state 100

    (8) carta_p -> LBRACKET NUMBER COMMA SPACE LPAREN NUMBER RPAREN COMMA SPACE NUMBER COMMA SPACE NUMBER . COMMA SPACE NUMBER RBRACKET

    COMMA           shift and go to state 107


state 101

    (10) carta_r -> LBRACKET NUMBER COMMA SPACE NUMBER COMMA SPACE NUMBER COMMA SPACE . LPAREN NUMBER RPAREN COMMA SPACE NUMBER RBRACKET

    LPAREN          shift and go to state 84


state 102

    (11) carta_a -> LBRACKET NUMBER COMMA SPACE NUMBER COMMA SPACE NUMBER COMMA SPACE . NUMBER COMMA SPACE LPAREN NUMBER RPAREN RBRACKET

    NUMBER          shift and go to state 83


state 103

    (7) carta_c -> LBRACKET LPAREN NUMBER RPAREN COMMA SPACE NUMBER COMMA SPACE NUMBER COMMA SPACE NUMBER COMMA . SPACE NUMBER RBRACKET

    SPACE           shift and go to state 108


state 104

    (11) carta_a -> LBRACKET NUMBER COMMA SPACE NUMBER COMMA SPACE NUMBER COMMA SPACE NUMBER COMMA SPACE LPAREN . NUMBER RPAREN RBRACKET

    NUMBER          shift and go to state 109


state 105

    (10) carta_r -> LBRACKET NUMBER COMMA SPACE NUMBER COMMA SPACE NUMBER COMMA SPACE LPAREN NUMBER RPAREN COMMA . SPACE NUMBER RBRACKET

    SPACE           shift and go to state 110


state 106

    (9) carta_v -> LBRACKET NUMBER COMMA SPACE NUMBER COMMA SPACE LPAREN NUMBER RPAREN COMMA SPACE NUMBER COMMA . SPACE NUMBER RBRACKET

    SPACE           shift and go to state 111


state 107

    (8) carta_p -> LBRACKET NUMBER COMMA SPACE LPAREN NUMBER RPAREN COMMA SPACE NUMBER COMMA SPACE NUMBER COMMA . SPACE NUMBER RBRACKET

    SPACE           shift and go to state 112


state 108

    (7) carta_c -> LBRACKET LPAREN NUMBER RPAREN COMMA SPACE NUMBER COMMA SPACE NUMBER COMMA SPACE NUMBER COMMA SPACE . NUMBER RBRACKET

    NUMBER          shift and go to state 113


state 109

    (11) carta_a -> LBRACKET NUMBER COMMA SPACE NUMBER COMMA SPACE NUMBER COMMA SPACE NUMBER COMMA SPACE LPAREN NUMBER . RPAREN RBRACKET

    RPAREN          shift and go to state 114


state 110

    (10) carta_r -> LBRACKET NUMBER COMMA SPACE NUMBER COMMA SPACE NUMBER COMMA SPACE LPAREN NUMBER RPAREN COMMA SPACE . NUMBER RBRACKET

    NUMBER          shift and go to state 115


state 111

    (9) carta_v -> LBRACKET NUMBER COMMA SPACE NUMBER COMMA SPACE LPAREN NUMBER RPAREN COMMA SPACE NUMBER COMMA SPACE . NUMBER RBRACKET

    NUMBER          shift and go to state 116


state 112

    (8) carta_p -> LBRACKET NUMBER COMMA SPACE LPAREN NUMBER RPAREN COMMA SPACE NUMBER COMMA SPACE NUMBER COMMA SPACE . NUMBER RBRACKET

    NUMBER          shift and go to state 117


state 113

    (7) carta_c -> LBRACKET LPAREN NUMBER RPAREN COMMA SPACE NUMBER COMMA SPACE NUMBER COMMA SPACE NUMBER COMMA SPACE NUMBER . RBRACKET

    RBRACKET        shift and go to state 118


state 114

    (11) carta_a -> LBRACKET NUMBER COMMA SPACE NUMBER COMMA SPACE NUMBER COMMA SPACE NUMBER COMMA SPACE LPAREN NUMBER RPAREN . RBRACKET

    RBRACKET        shift and go to state 119


state 115

    (10) carta_r -> LBRACKET NUMBER COMMA SPACE NUMBER COMMA SPACE NUMBER COMMA SPACE LPAREN NUMBER RPAREN COMMA SPACE NUMBER . RBRACKET

    RBRACKET        shift and go to state 120


state 116

    (9) carta_v -> LBRACKET NUMBER COMMA SPACE NUMBER COMMA SPACE LPAREN NUMBER RPAREN COMMA SPACE NUMBER COMMA SPACE NUMBER . RBRACKET

    RBRACKET        shift and go to state 121


state 117

    (8) carta_p -> LBRACKET NUMBER COMMA SPACE LPAREN NUMBER RPAREN COMMA SPACE NUMBER COMMA SPACE NUMBER COMMA SPACE NUMBER . RBRACKET

    RBRACKET        shift and go to state 122


state 118

    (7) carta_c -> LBRACKET LPAREN NUMBER RPAREN COMMA SPACE NUMBER COMMA SPACE NUMBER COMMA SPACE NUMBER COMMA SPACE NUMBER RBRACKET .

    SPACE           reduce using rule 7 (carta_c -> LBRACKET LPAREN NUMBER RPAREN COMMA SPACE NUMBER COMMA SPACE NUMBER COMMA SPACE NUMBER COMMA SPACE NUMBER RBRACKET .)
    $end            reduce using rule 7 (carta_c -> LBRACKET LPAREN NUMBER RPAREN COMMA SPACE NUMBER COMMA SPACE NUMBER COMMA SPACE NUMBER COMMA SPACE NUMBER RBRACKET .)


state 119

    (11) carta_a -> LBRACKET NUMBER COMMA SPACE NUMBER COMMA SPACE NUMBER COMMA SPACE NUMBER COMMA SPACE LPAREN NUMBER RPAREN RBRACKET .

    SPACE           reduce using rule 11 (carta_a -> LBRACKET NUMBER COMMA SPACE NUMBER COMMA SPACE NUMBER COMMA SPACE NUMBER COMMA SPACE LPAREN NUMBER RPAREN RBRACKET .)
    $end            reduce using rule 11 (carta_a -> LBRACKET NUMBER COMMA SPACE NUMBER COMMA SPACE NUMBER COMMA SPACE NUMBER COMMA SPACE LPAREN NUMBER RPAREN RBRACKET .)


state 120

    (10) carta_r -> LBRACKET NUMBER COMMA SPACE NUMBER COMMA SPACE NUMBER COMMA SPACE LPAREN NUMBER RPAREN COMMA SPACE NUMBER RBRACKET .

    SPACE           reduce using rule 10 (carta_r -> LBRACKET NUMBER COMMA SPACE NUMBER COMMA SPACE NUMBER COMMA SPACE LPAREN NUMBER RPAREN COMMA SPACE NUMBER RBRACKET .)
    $end            reduce using rule 10 (carta_r -> LBRACKET NUMBER COMMA SPACE NUMBER COMMA SPACE NUMBER COMMA SPACE LPAREN NUMBER RPAREN COMMA SPACE NUMBER RBRACKET .)


state 121

    (9) carta_v -> LBRACKET NUMBER COMMA SPACE NUMBER COMMA SPACE LPAREN NUMBER RPAREN COMMA SPACE NUMBER COMMA SPACE NUMBER RBRACKET .

    SPACE           reduce using rule 9 (carta_v -> LBRACKET NUMBER COMMA SPACE NUMBER COMMA SPACE LPAREN NUMBER RPAREN COMMA SPACE NUMBER COMMA SPACE NUMBER RBRACKET .)
    $end            reduce using rule 9 (carta_v -> LBRACKET NUMBER COMMA SPACE NUMBER COMMA SPACE LPAREN NUMBER RPAREN COMMA SPACE NUMBER COMMA SPACE NUMBER RBRACKET .)


state 122

    (8) carta_p -> LBRACKET NUMBER COMMA SPACE LPAREN NUMBER RPAREN COMMA SPACE NUMBER COMMA SPACE NUMBER COMMA SPACE NUMBER RBRACKET .

    SPACE           reduce using rule 8 (carta_p -> LBRACKET NUMBER COMMA SPACE LPAREN NUMBER RPAREN COMMA SPACE NUMBER COMMA SPACE NUMBER COMMA SPACE NUMBER RBRACKET .)
    $end            reduce using rule 8 (carta_p -> LBRACKET NUMBER COMMA SPACE LPAREN NUMBER RPAREN COMMA SPACE NUMBER COMMA SPACE NUMBER COMMA SPACE NUMBER RBRACKET .)

